// Jest Snapshot v1, https://goo.gl/fbAQLP

exports[`App.vue render the app 1`] = `
<div
  id="app"
>
  <router-view-stub
    name="default"
  />
</div>
`;
