// Jest Snapshot v1, https://goo.gl/fbAQLP

exports[`SkillsSelector.vue render skills-selector 1`] = `
<div
  class="columns"
>
  <div
    class="column"
  >
    <div
      class="field"
    >
      <div
        class="control has-icons-right"
      >
        <input
          class="input is-primary is-fullwidth is-large"
          placeholder="NodeJs, Postgres, VueJs"
          type="text"
        />
         
        <!---->
      </div>
       
      <!---->
    </div>
  </div>
   
  <div
    class="column"
  >
    <div
      class="columns is-mobile"
    >
      <div
        class="column is-three-fifths-mobile"
      >
        <div
          class="select is-primary is-fullwidth is-large"
        >
          <select>
            <option
              value=""
            >
              Experience
            </option>
             
            <option
              value=< 1 year
            >
              &lt; 1 year
            
            </option>
            <option
              value="1 - 3 years"
            >
              1 - 3 years
            
            </option>
            <option
              value="3 - 5 years"
            >
              3 - 5 years
            
            </option>
            <option
              value="5 - 7 years"
            >
              5 - 7 years
            
            </option>
            <option
              value="7+ years"
            >
              7+ years
            
            </option>
          </select>
        </div>
      </div>
       
      <div
        class="column is-two-fifths-mobile"
      >
        <button
          class="button is-fullwidth is-large"
          disabled="disabled"
        >
          ADD SKILLS
        
        </button>
      </div>
    </div>
  </div>
</div>
`;
